00:00 +0: loading C:/projects/AdaptEd/test/widget_test.dart
00:00 +0: App start smoke test
ΓòÉΓòÉΓòí EXCEPTION CAUGHT BY WIDGETS LIBRARY Γò₧ΓòÉΓòÉΓòÉΓòÉΓòÉΓòÉΓòÉΓòÉΓòÉΓòÉΓòÉΓòÉΓòÉΓòÉΓòÉΓòÉΓòÉΓòÉΓòÉΓòÉΓòÉΓòÉΓòÉΓòÉΓòÉΓòÉΓòÉΓòÉΓòÉΓòÉΓòÉΓòÉΓòÉΓòÉΓòÉΓòÉΓòÉΓòÉΓòÉΓòÉΓòÉΓòÉΓòÉΓòÉΓòÉΓòÉΓòÉΓòÉΓòÉΓòÉΓòÉΓòÉΓòÉΓòÉΓòÉΓòÉΓòÉΓòÉΓòÉ
The following FirebaseException was thrown building AuthWrapper(dirty, dependencies:
[_InheritedProviderScope<UserService?>]):
[core/no-app] No Firebase App '[DEFAULT]' has been created - call Firebase.initializeApp()

The relevant error-causing widget was:
  AuthWrapper AuthWrapper:file:///C:/projects/AdaptEd/lib/main.dart:77:37

When the exception was thrown, this was the stack:
#0      MethodChannelFirebase.app (package:firebase_core_platform_interface/src/method_channel/method_channel_firebase.dart:190:5)
#1      Firebase.app (package:firebase_core/src/firebase.dart:91:41)
#2      FirebaseFirestore.instance (package:cloud_firestore/src/firestore.dart:29:21)
#3      new UserService (package:adapted/core/services/user_service.dart:8:58)
#4      main.<anonymous closure>.<anonymous closure> (file:///C:/projects/AdaptEd/test/widget_test.dart:24:49)
#5      _CreateInheritedProviderState.value (package:provider/src/inherited_provider.dart:749:36)
#6      _InheritedProviderScopeElement.value (package:provider/src/inherited_provider.dart:603:33)
#7      Provider.of (package:provider/src/provider.dart:337:37)
#8      AuthWrapper.build (package:adapted/main.dart:92:34)
#9      StatelessElement.build (package:flutter/src/widgets/framework.dart:5892:49)
#10     ComponentElement.performRebuild (package:flutter/src/widgets/framework.dart:5820:15)
#11     Element.rebuild (package:flutter/src/widgets/framework.dart:5532:7)
#12     ComponentElement._firstBuild (package:flutter/src/widgets/framework.dart:5802:5)
#13     ComponentElement.mount (package:flutter/src/widgets/framework.dart:5796:5)
...     Normal element mounting (260 frames)
#273    Element.inflateWidget (package:flutter/src/widgets/framework.dart:4590:20)
#274    MultiChildRenderObjectElement.inflateWidget (package:flutter/src/widgets/framework.dart:7269:36)
#275    MultiChildRenderObjectElement.mount (package:flutter/src/widgets/framework.dart:7285:32)
...     Normal element mounting (454 frames)
#729    SingleChildWidgetElementMixin.mount (package:nested/nested.dart:222:11)
...     Normal element mounting (13 frames)
#742    _InheritedProviderScopeElement.mount (package:provider/src/inherited_provider.dart:424:11)
...     Normal element mounting (7 frames)
#749    _InheritedProviderScopeElement.mount (package:provider/src/inherited_provider.dart:424:11)
...     Normal element mounting (7 frames)
#756    _InheritedProviderScopeElement.mount (package:provider/src/inherited_provider.dart:424:11)
...     Normal element mounting (7 frames)
#763    _InheritedProviderScopeElement.mount (package:provider/src/inherited_provider.dart:424:11)
...     Normal element mounting (7 frames)
#770    SingleChildWidgetElementMixin.mount (package:nested/nested.dart:222:11)
...     Normal element mounting (7 frames)
#777    _NestedHookElement.mount (package:nested/nested.dart:187:11)
...     Normal element mounting (7 frames)
#784    SingleChildWidgetElementMixin.mount (package:nested/nested.dart:222:11)
#785    Element.inflateWidget (package:flutter/src/widgets/framework.dart:4590:20)
#786    Element.updateChild (package:flutter/src/widgets/framework.dart:4053:20)
#787    ComponentElement.performRebuild (package:flutter/src/widgets/framework.dart:5844:16)
#788    Element.rebuild (package:flutter/src/widgets/framework.dart:5532:7)
#789    ProxyElement.update (package:flutter/src/widgets/framework.dart:6152:5)
#790    _InheritedNotifierElement.update (package:flutter/src/widgets/inherited_notifier.dart:108:11)
#791    Element.updateChild (package:flutter/src/widgets/framework.dart:4037:15)
#792    ComponentElement.performRebuild (package:flutter/src/widgets/framework.dart:5844:16)
#793    StatefulElement.performRebuild (package:flutter/src/widgets/framework.dart:5985:11)
#794    Element.rebuild (package:flutter/src/widgets/framework.dart:5532:7)
#795    StatefulElement.update (package:flutter/src/widgets/framework.dart:6010:5)
#796    Element.updateChild (package:flutter/src/widgets/framework.dart:4037:15)
#797    ComponentElement.performRebuild (package:flutter/src/widgets/framework.dart:5844:16)
#798    Element.rebuild (package:flutter/src/widgets/framework.dart:5532:7)
#799    ProxyElement.update (package:flutter/src/widgets/framework.dart:6152:5)
#800    _InheritedNotifierElement.update (package:flutter/src/widgets/inherited_notifier.dart:108:11)
#801    Element.updateChild (package:flutter/src/widgets/framework.dart:4037:15)
#802    ComponentElement.performRebuild (package:flutter/src/widgets/framework.dart:5844:16)
#803    StatefulElement.performRebuild (package:flutter/src/widgets/framework.dart:5985:11)
#804    Element.rebuild (package:flutter/src/widgets/framework.dart:5532:7)
#805    StatefulElement.update (package:flutter/src/widgets/framework.dart:6010:5)
#806    Element.updateChild (package:flutter/src/widgets/framework.dart:4037:15)
#807    ComponentElement.performRebuild (package:flutter/src/widgets/framework.dart:5844:16)
#808    StatefulElement.performRebuild (package:flutter/src/widgets/framework.dart:5985:11)
#809    Element.rebuild (package:flutter/src/widgets/framework.dart:5532:7)
#810    StatefulElement.update (package:flutter/src/widgets/framework.dart:6010:5)
#811    Element.updateChild (package:flutter/src/widgets/framework.dart:4037:15)
#812    ComponentElement.performRebuild (package:flutter/src/widgets/framework.dart:5844:16)
#813    Element.rebuild (package:flutter/src/widgets/framework.dart:5532:7)
#814    ProxyElement.update (package:flutter/src/widgets/framework.dart:6152:5)
#815    Element.updateChild (package:flutter/src/widgets/framework.dart:4037:15)
#816    ComponentElement.performRebuild (package:flutter/src/widgets/framework.dart:5844:16)
#817    StatefulElement.performRebuild (package:flutter/src/widgets/framework.dart:5985:11)
#818    Element.rebuild (package:flutter/src/widgets/framework.dart:5532:7)
#819    StatefulElement.update (package:flutter/src/widgets/framework.dart:6010:5)
#820    Element.updateChild (package:flutter/src/widgets/framework.dart:4037:15)
#821    ComponentElement.performRebuild (package:flutter/src/widgets/framework.dart:5844:16)
#822    Element.rebuild (package:flutter/src/widgets/framework.dart:5532:7)
#823    ProxyElement.update (package:flutter/src/widgets/framework.dart:6152:5)
#824    Element.updateChild (package:flutter/src/widgets/framework.dart:4037:15)
#825    ComponentElement.performRebuild (package:flutter/src/widgets/framework.dart:5844:16)
#826    Element.rebuild (package:flutter/src/widgets/framework.dart:5532:7)
#827    ProxyElement.update (package:flutter/src/widgets/framework.dart:6152:5)
#828    Element.updateChild (package:flutter/src/widgets/framework.dart:4037:15)
#829    _RawViewElement._updateChild (package:flutter/src/widgets/view.dart:481:16)
#830    _RawViewElement.update (package:flutter/src/widgets/view.dart:568:5)
#831    Element.updateChild (package:flutter/src/widgets/framework.dart:4037:15)
#832    ComponentElement.performRebuild (package:flutter/src/widgets/framework.dart:5844:16)
#833    Element.rebuild (package:flutter/src/widgets/framework.dart:5532:7)
#834    StatelessElement.update (package:flutter/src/widgets/framework.dart:5898:5)
#835    Element.updateChild (package:flutter/src/widgets/framework.dart:4037:15)
#836    ComponentElement.performRebuild (package:flutter/src/widgets/framework.dart:5844:16)
#837    StatefulElement.performRebuild (package:flutter/src/widgets/framework.dart:5985:11)
#838    Element.rebuild (package:flutter/src/widgets/framework.dart:5532:7)
#839    StatefulElement.update (package:flutter/src/widgets/framework.dart:6010:5)
#840    Element.updateChild (package:flutter/src/widgets/framework.dart:4037:15)
#841    RootElement._rebuild (package:flutter/src/widgets/binding.dart:1782:16)
#842    RootElement.update (package:flutter/src/widgets/binding.dart:1760:5)
#843    RootElement.performRebuild (package:flutter/src/widgets/binding.dart:1774:7)
#844    Element.rebuild (package:flutter/src/widgets/framework.dart:5532:7)
#845    BuildScope._tryRebuild (package:flutter/src/widgets/framework.dart:2750:15)
#846    BuildScope._flushDirtyElements (package:flutter/src/widgets/framework.dart:2807:11)
#847    BuildOwner.buildScope (package:flutter/src/widgets/framework.dart:3111:18)
#848    AutomatedTestWidgetsFlutterBinding.drawFrame (package:flutter_test/src/binding.dart:1506:19)
#849    RendererBinding._handlePersistentFrameCallback (package:flutter/src/rendering/binding.dart:495:5)
#850    SchedulerBinding._invokeFrameCallback (package:flutter/src/scheduler/binding.dart:1434:15)
#851    SchedulerBinding.handleDrawFrame (package:flutter/src/scheduler/binding.dart:1347:9)
#852    AutomatedTestWidgetsFlutterBinding.pump.<anonymous closure> (package:flutter_test/src/binding.dart:1335:9)
#855    TestAsyncUtils.guard (package:flutter_test/src/test_async_utils.dart:74:41)
#856    AutomatedTestWidgetsFlutterBinding.pump (package:flutter_test/src/binding.dart:1324:27)
#857    WidgetTester.pumpWidget.<anonymous closure> (package:flutter_test/src/widget_tester.dart:598:22)
#860    TestAsyncUtils.guard (package:flutter_test/src/test_async_utils.dart:74:41)
#861    WidgetTester.pumpWidget (package:flutter_test/src/widget_tester.dart:595:27)
#862    main.<anonymous closure> (file:///C:/projects/AdaptEd/test/widget_test.dart:20:18)
#863    testWidgets.<anonymous closure>.<anonymous closure> (package:flutter_test/src/widget_tester.dart:192:29)
<asynchronous suspension>
#864    TestWidgetsFlutterBinding._runTestBody (package:flutter_test/src/binding.dart:1059:5)
<asynchronous suspension>
<asynchronous suspension>
(elided 5 frames from dart:async and package:stack_trace)

ΓòÉΓòÉΓòÉΓòÉΓòÉΓòÉΓòÉΓòÉΓòÉΓòÉΓòÉΓòÉΓòÉΓòÉΓòÉΓòÉΓòÉΓòÉΓòÉΓòÉΓòÉΓòÉΓòÉΓòÉΓòÉΓòÉΓòÉΓòÉΓòÉΓòÉΓòÉΓòÉΓòÉΓòÉΓòÉΓòÉΓòÉΓòÉΓòÉΓòÉΓòÉΓòÉΓòÉΓòÉΓòÉΓòÉΓòÉΓòÉΓòÉΓòÉΓòÉΓòÉΓòÉΓòÉΓòÉΓòÉΓòÉΓòÉΓòÉΓòÉΓòÉΓòÉΓòÉΓòÉΓòÉΓòÉΓòÉΓòÉΓòÉΓòÉΓòÉΓòÉΓòÉΓòÉΓòÉΓòÉΓòÉΓòÉΓòÉΓòÉΓòÉΓòÉΓòÉΓòÉΓòÉΓòÉΓòÉΓòÉΓòÉΓòÉΓòÉΓòÉΓòÉΓòÉΓòÉΓòÉΓòÉΓòÉΓòÉΓòÉ
00:01 +0 -1: App start smoke test [E]
  Test failed. See exception logs above.
  The test description was: App start smoke test
  
00:01 +0 -1: Some tests failed.
