﻿00:00 +0: loading C:/projects/AdaptEd/test/widget_test.dart
00:00 +0: App start smoke test
ΓòÉΓòÉΓòí EXCEPTION CAUGHT BY WIDGETS LIBRARY Γò₧ΓòÉΓòÉΓòÉΓòÉΓòÉΓòÉΓòÉΓòÉΓòÉΓòÉΓòÉΓòÉΓòÉΓòÉΓòÉΓòÉΓòÉΓòÉΓòÉΓòÉΓòÉΓòÉΓòÉΓòÉΓòÉΓòÉΓòÉΓòÉΓòÉΓòÉΓòÉΓòÉΓòÉΓòÉΓòÉΓòÉΓòÉΓòÉΓòÉΓòÉΓòÉΓòÉΓòÉΓòÉΓòÉΓòÉΓòÉΓòÉΓòÉΓòÉΓòÉΓòÉΓòÉΓòÉΓòÉΓòÉΓòÉΓòÉΓòÉ
The following ProviderNotFoundException was thrown building Consumer<DynamicTheme>(dirty):
Error: Could not find the correct Provider<DynamicTheme> above this Consumer<DynamicTheme> Widget

This happens because you used a `BuildContext` that does not include the provider
of your choice. There are a few common scenarios:

- You added a new provider in your `main.dart` and performed a hot-reload.
  To fix, perform a hot-restart.

- The provider you are trying to read is in a different route.

  Providers are "scoped". So if you insert of provider inside a route, then
  other routes will not be able to access that provider.

- You used a `BuildContext` that is an ancestor of the provider you are trying to read.

  Make sure that Consumer<DynamicTheme> is under your MultiProvider/Provider<DynamicTheme>.
  This usually happens when you are creating a provider and trying to read it immediately.

  For example, instead of:

  ```
  Widget build(BuildContext context) {
    return Provider<Example>(
      create: (_) => Example(),
      // Will throw a ProviderNotFoundError, because `context` is associated
      // to the widget that is the parent of `Provider<Example>`
      child: Text(context.watch<Example>().toString()),
    );
  }
  ```

  consider using `builder` like so:

  ```
  Widget build(BuildContext context) {
    return Provider<Example>(
      create: (_) => Example(),
      // we use `builder` to obtain a new `BuildContext` that has access to the provider
      builder: (context, child) {
        // No longer throws
        return Text(context.watch<Example>().toString());
      }
    );
  }
  ```

If none of these solutions work, consider asking for help on StackOverflow:
https://stackoverflow.com/questions/tagged/flutter

The relevant error-causing widget was:
  Consumer<DynamicTheme> Consumer:file:///C:/projects/AdaptEd/lib/main.dart:64:12

When the exception was thrown, this was the stack:
#0      Provider._inheritedElementOf (package:provider/src/provider.dart:377:7)
#1      Provider.of (package:provider/src/provider.dart:327:30)
#2      Consumer.buildWithChild (package:provider/src/consumer.dart:181:16)
#3      SingleChildStatelessWidget.build (package:nested/nested.dart:259:41)
#4      StatelessElement.build (package:flutter/src/widgets/framework.dart:5892:49)
#5      SingleChildStatelessElement.build (package:nested/nested.dart:279:18)
#6      ComponentElement.performRebuild (package:flutter/src/widgets/framework.dart:5820:15)
#7      Element.rebuild (package:flutter/src/widgets/framework.dart:5532:7)
#8      ComponentElement._firstBuild (package:flutter/src/widgets/framework.dart:5802:5)
#9      ComponentElement.mount (package:flutter/src/widgets/framework.dart:5796:5)
#10     SingleChildWidgetElementMixin.mount (package:nested/nested.dart:222:11)
...     Normal element mounting (7 frames)
#17     Element.inflateWidget (package:flutter/src/widgets/framework.dart:4590:20)
#18     Element.updateChild (package:flutter/src/widgets/framework.dart:4053:20)
#19     ComponentElement.performRebuild (package:flutter/src/widgets/framework.dart:5844:16)
#20     Element.rebuild (package:flutter/src/widgets/framework.dart:5532:7)
#21     ProxyElement.update (package:flutter/src/widgets/framework.dart:6152:5)
#22     _InheritedNotifierElement.update (package:flutter/src/widgets/inherited_notifier.dart:108:11)
#23     Element.updateChild (package:flutter/src/widgets/framework.dart:4037:15)
#24     ComponentElement.performRebuild (package:flutter/src/widgets/framework.dart:5844:16)
#25     StatefulElement.performRebuild (package:flutter/src/widgets/framework.dart:5985:11)
#26     Element.rebuild (package:flutter/src/widgets/framework.dart:5532:7)
#27     StatefulElement.update (package:flutter/src/widgets/framework.dart:6010:5)
#28     Element.updateChild (package:flutter/src/widgets/framework.dart:4037:15)
#29     ComponentElement.performRebuild (package:flutter/src/widgets/framework.dart:5844:16)
#30     Element.rebuild (package:flutter/src/widgets/framework.dart:5532:7)
#31     ProxyElement.update (package:flutter/src/widgets/framework.dart:6152:5)
#32     _InheritedNotifierElement.update (package:flutter/src/widgets/inherited_notifier.dart:108:11)
#33     Element.updateChild (package:flutter/src/widgets/framework.dart:4037:15)
#34     ComponentElement.performRebuild (package:flutter/src/widgets/framework.dart:5844:16)
#35     StatefulElement.performRebuild (package:flutter/src/widgets/framework.dart:5985:11)
#36     Element.rebuild (package:flutter/src/widgets/framework.dart:5532:7)
#37     StatefulElement.update (package:flutter/src/widgets/framework.dart:6010:5)
#38     Element.updateChild (package:flutter/src/widgets/framework.dart:4037:15)
#39     ComponentElement.performRebuild (package:flutter/src/widgets/framework.dart:5844:16)
#40     StatefulElement.performRebuild (package:flutter/src/widgets/framework.dart:5985:11)
#41     Element.rebuild (package:flutter/src/widgets/framework.dart:5532:7)
#42     StatefulElement.update (package:flutter/src/widgets/framework.dart:6010:5)
#43     Element.updateChild (package:flutter/src/widgets/framework.dart:4037:15)
#44     ComponentElement.performRebuild (package:flutter/src/widgets/framework.dart:5844:16)
#45     Element.rebuild (package:flutter/src/widgets/framework.dart:5532:7)
#46     ProxyElement.update (package:flutter/src/widgets/framework.dart:6152:5)
#47     Element.updateChild (package:flutter/src/widgets/framework.dart:4037:15)
#48     ComponentElement.performRebuild (package:flutter/src/widgets/framework.dart:5844:16)
#49     StatefulElement.performRebuild (package:flutter/src/widgets/framework.dart:5985:11)
#50     Element.rebuild (package:flutter/src/widgets/framework.dart:5532:7)
#51     StatefulElement.update (package:flutter/src/widgets/framework.dart:6010:5)
#52     Element.updateChild (package:flutter/src/widgets/framework.dart:4037:15)
#53     ComponentElement.performRebuild (package:flutter/src/widgets/framework.dart:5844:16)
#54     Element.rebuild (package:flutter/src/widgets/framework.dart:5532:7)
#55     ProxyElement.update (package:flutter/src/widgets/framework.dart:6152:5)
#56     Element.updateChild (package:flutter/src/widgets/framework.dart:4037:15)
#57     ComponentElement.performRebuild (package:flutter/src/widgets/framework.dart:5844:16)
#58     Element.rebuild (package:flutter/src/widgets/framework.dart:5532:7)
#59     ProxyElement.update (package:flutter/src/widgets/framework.dart:6152:5)
#60     Element.updateChild (package:flutter/src/widgets/framework.dart:4037:15)
#61     _RawViewElement._updateChild (package:flutter/src/widgets/view.dart:481:16)
#62     _RawViewElement.update (package:flutter/src/widgets/view.dart:568:5)
#63     Element.updateChild (package:flutter/src/widgets/framework.dart:4037:15)
#64     ComponentElement.performRebuild (package:flutter/src/widgets/framework.dart:5844:16)
#65     Element.rebuild (package:flutter/src/widgets/framework.dart:5532:7)
#66     StatelessElement.update (package:flutter/src/widgets/framework.dart:5898:5)
#67     Element.updateChild (package:flutter/src/widgets/framework.dart:4037:15)
#68     ComponentElement.performRebuild (package:flutter/src/widgets/framework.dart:5844:16)
#69     StatefulElement.performRebuild (package:flutter/src/widgets/framework.dart:5985:11)
#70     Element.rebuild (package:flutter/src/widgets/framework.dart:5532:7)
#71     StatefulElement.update (package:flutter/src/widgets/framework.dart:6010:5)
#72     Element.updateChild (package:flutter/src/widgets/framework.dart:4037:15)
#73     RootElement._rebuild (package:flutter/src/widgets/binding.dart:1782:16)
#74     RootElement.update (package:flutter/src/widgets/binding.dart:1760:5)
#75     RootElement.performRebuild (package:flutter/src/widgets/binding.dart:1774:7)
#76     Element.rebuild (package:flutter/src/widgets/framework.dart:5532:7)
#77     BuildScope._tryRebuild (package:flutter/src/widgets/framework.dart:2750:15)
#78     BuildScope._flushDirtyElements (package:flutter/src/widgets/framework.dart:2807:11)
#79     BuildOwner.buildScope (package:flutter/src/widgets/framework.dart:3111:18)
#80     AutomatedTestWidgetsFlutterBinding.drawFrame (package:flutter_test/src/binding.dart:1506:19)
#81     RendererBinding._handlePersistentFrameCallback (package:flutter/src/rendering/binding.dart:495:5)
#82     SchedulerBinding._invokeFrameCallback (package:flutter/src/scheduler/binding.dart:1434:15)
#83     SchedulerBinding.handleDrawFrame (package:flutter/src/scheduler/binding.dart:1347:9)
#84     AutomatedTestWidgetsFlutterBinding.pump.<anonymous closure> (package:flutter_test/src/binding.dart:1335:9)
#87     TestAsyncUtils.guard (package:flutter_test/src/test_async_utils.dart:74:41)
#88     AutomatedTestWidgetsFlutterBinding.pump (package:flutter_test/src/binding.dart:1324:27)
#89     WidgetTester.pumpWidget.<anonymous closure> (package:flutter_test/src/widget_tester.dart:598:22)
#92     TestAsyncUtils.guard (package:flutter_test/src/test_async_utils.dart:74:41)
#93     WidgetTester.pumpWidget (package:flutter_test/src/widget_tester.dart:595:27)
#94     main.<anonymous closure> (file:///C:/projects/AdaptEd/test/widget_test.dart:16:18)
#95     testWidgets.<anonymous closure>.<anonymous closure> (package:flutter_test/src/widget_tester.dart:192:29)
<asynchronous suspension>
#96     TestWidgetsFlutterBinding._runTestBody (package:flutter_test/src/binding.dart:1059:5)
<asynchronous suspension>
<asynchronous suspension>
(elided 5 frames from dart:async and package:stack_trace)

ΓòÉΓòÉΓòÉΓòÉΓòÉΓòÉΓòÉΓòÉΓòÉΓòÉΓòÉΓòÉΓòÉΓòÉΓòÉΓòÉΓòÉΓòÉΓòÉΓòÉΓòÉΓòÉΓòÉΓòÉΓòÉΓòÉΓòÉΓòÉΓòÉΓòÉΓòÉΓòÉΓòÉΓòÉΓòÉΓòÉΓòÉΓòÉΓòÉΓòÉΓòÉΓòÉΓòÉΓòÉΓòÉΓòÉΓòÉΓòÉΓòÉΓòÉΓòÉΓòÉΓòÉΓòÉΓòÉΓòÉΓòÉΓòÉΓòÉΓòÉΓòÉΓòÉΓòÉΓòÉΓòÉΓòÉΓòÉΓòÉΓòÉΓòÉΓòÉΓòÉΓòÉΓòÉΓòÉΓòÉΓòÉΓòÉΓòÉΓòÉΓòÉΓòÉΓòÉΓòÉΓòÉΓòÉΓòÉΓòÉΓòÉΓòÉΓòÉΓòÉΓòÉΓòÉΓòÉΓòÉΓòÉΓòÉΓòÉΓòÉ
00:00 +0 -1: App start smoke test [E]
  Test failed. See exception logs above.
  The test description was: App start smoke test
  
00:00 +0 -1: Some tests failed.
